// Jest Snapshot v1, https://goo.gl/fbAQLP

exports[`Default layout renders to match snapshot 1`] = `
<main class="text-gray-900 leading-normal">
  <div></div>
</main>
`;
