// Jest Snapshot v1, https://goo.gl/fbAQLP

exports[`Inspire renders to match snapshot 1`] = `
<div>
  <h1>Inspire</h1> <a class="px-2 -mx-2 py-1 transition duration-200 ease-in-out relative block text-teal-600 font-medium underline">
    Home
  </a>
</div>
`;
